## branch
main
## status
## latest commit
e6dcc50 feat(airo-finance): split cash account ledger and style accounts
## diff check
## safety approved file only

## stage
## commit
On branch main
Your branch is up to date with 'origin/main'.

nothing to commit, working tree clean
## push
## sync live
## deploy
===== CLASP VERSION =====
3.3.0

===== PUSH SOURCE =====
Script is already up to date.

===== CREATE VERSION =====
Created version 111

Created version: 111

===== UPDATE EXISTING WEB APP DEPLOYMENT =====
Deployed AKfycbzu0Kuu9sNcCHHmZ1dj2sPW1Y4tZz9KUi8tG_ySeA-QY65yOPA9m3NYiEQcS8uKZYjuOA @111

DONE_AIRO_APPS_SCRIPT_DEPLOY
Deployment ID: AKfycbzu0Kuu9sNcCHHmZ1dj2sPW1Y4tZz9KUi8tG_ySeA-QY65yOPA9m3NYiEQcS8uKZYjuOA
Version: 111
## final status
## final commit
e6dcc50 feat(airo-finance): split cash account ledger and style accounts
