[2026-06-11T22:52:29.280753] Starting workspace inventory scan...
[2026-06-11T22:52:29.301735] Scan complete. Found 6 repositories.
[2026-06-11T22:52:29.305993] Registry updated: registry/repos.yaml
[2026-06-11T22:52:29.306305] Scan snapshot saved: inbox/workspace-scans/scan-20260611_225229.json
[2026-06-11T22:52:42.430572] Starting workspace inventory scan...
[2026-06-11T22:52:42.441705] Scan complete. Found 5 repositories.
[2026-06-11T22:52:42.446053] Loaded existing repos.yaml registry.
[2026-06-11T22:52:42.449012] Registry updated: registry/repos.yaml
[2026-06-11T22:52:42.449418] Scan snapshot saved: inbox/workspace-scans/scan-20260611_225242.json
[2026-06-11T22:52:48.068168] Starting workspace inventory scan...
[2026-06-11T22:52:48.079923] Scan complete. Found 5 repositories.
[2026-06-11T22:52:48.082501] Registry updated: registry/repos.yaml
[2026-06-11T22:52:48.082725] Scan snapshot saved: inbox/workspace-scans/scan-20260611_225248.json
[2026-06-11T22:52:58.476248] Starting workspace inventory scan...
[2026-06-11T22:52:58.487542] Scan complete. Found 5 repositories.
[2026-06-11T22:52:58.491929] Loaded existing repos.yaml registry.
[2026-06-11T22:52:58.492036] Dry-run mode active. Registry file not updated.
[2026-06-11T22:52:58.543183] Starting workspace inventory scan...
[2026-06-11T22:52:58.555082] Scan complete. Found 5 repositories.
[2026-06-11T22:52:58.559512] Loaded existing repos.yaml registry.
[2026-06-11T22:52:58.562122] Registry updated: registry/repos.yaml
[2026-06-11T22:52:58.562331] Scan snapshot saved: inbox/workspace-scans/scan-20260611_225258.json
